// Vitest Snapshot v1, https://vitest.dev/guide/snapshot.html

exports[`additionalInputsScriptsUnchunkedImport - Manifest V3 1`] = `
[
  {
    "fileName": "manifest.json",
    "name": undefined,
    "source": "{
  "version": "1.0.0",
  "name": "Manifest Name",
  "manifest_version": 3,
  "web_accessible_resources": [
    {
      "resources": [
        "test/manifest/resources/additionalInputsScriptsUnchunkedImport/script1.js",
        "test/manifest/resources/additionalInputsScriptsUnchunkedImport/script2.js"
      ],
      "matches": [
        "<all_urls>"
      ],
      "use_dynamic_url": true
    }
  ]
}",
    "type": "asset",
  },
  {
    "fileName": "test/manifest/resources/additionalInputsScriptsUnchunkedImport/script1.js",
    "name": undefined,
    "source": "function log(message) {
  console.log(message);
}
log("script1");
",
    "type": "asset",
  },
  {
    "fileName": "test/manifest/resources/additionalInputsScriptsUnchunkedImport/script2.js",
    "name": undefined,
    "source": "console.log("script2");
",
    "type": "asset",
  },
]
`;
