// Vitest Snapshot v1

exports[`additionalInputsScriptsUnchunkedImport - Manifest V2 1`] = `
[
  {
    "fileName": "test/manifest/resources/additionalInputsScriptsUnchunkedImport/script1.js",
    "name": undefined,
    "source": "function log(message) {
  console.log(message);
}
log(\\"script1\\");
",
    "type": "asset",
  },
  {
    "fileName": "test/manifest/resources/additionalInputsScriptsUnchunkedImport/script2.js",
    "name": undefined,
    "source": "console.log(\\"script2\\");
",
    "type": "asset",
  },
  {
    "fileName": "manifest.json",
    "name": undefined,
    "source": "{
  \\"version\\": \\"1.0.0\\",
  \\"name\\": \\"Manifest Name\\",
  \\"manifest_version\\": 2
}",
    "type": "asset",
  },
]
`;
