// Vitest Snapshot v1, https://vitest.dev/guide/snapshot.html

exports[`additionalInputsHtml - Manifest V2 1`] = `
[
  {
    "fileName": "assets/html.css",
    "name": "html.css",
    "source": "body {
  color: red;
}
",
    "type": "asset",
  },
  {
    "code": "function log(message) {
  console.log(message);
}
log(\\"webAccessible\\");
",
    "dynamicImports": [],
    "exports": [],
    "facadeModuleId": "vite-plugin-web-extension/test/manifest/resources/additionalInputsHtml/html.html",
    "fileName": "assets/test/manifest/resources/additionalInputsHtml/html.js",
    "implicitlyLoadedBefore": [],
    "importedBindings": {},
    "imports": [],
    "isDynamicEntry": false,
    "isEntry": true,
    "isImplicitEntry": false,
    "map": null,
    "modules": {
      "vite-plugin-web-extension/test/manifest/resources/additionalInputsHtml/html.html": {
        "code": "",
        "originalLength": 290,
        "removedExports": [],
        "renderedExports": [],
        "renderedLength": 0,
      },
      "vite-plugin-web-extension/test/manifest/resources/additionalInputsHtml/script.js": {
        "code": "log(\\"webAccessible\\");",
        "originalLength": 58,
        "removedExports": [],
        "renderedExports": [],
        "renderedLength": 21,
      },
      "vite-plugin-web-extension/test/manifest/resources/additionalInputsHtml/style.css": {
        "code": "",
        "originalLength": 23,
        "removedExports": [],
        "renderedExports": [],
        "renderedLength": 0,
      },
      "vite-plugin-web-extension/test/manifest/resources/shared/log.js": {
        "code": "function log(message) {
  console.log(message);
}",
        "originalLength": 65,
        "removedExports": [],
        "renderedExports": [
          "default",
        ],
        "renderedLength": 49,
      },
    },
    "name": "test/manifest/resources/additionalInputsHtml/html",
    "referencedFiles": [],
    "type": "chunk",
    "viteMetadata": {
      "importedAssets": Set {},
      "importedCss": Set {
        "assets/html.css",
      },
    },
  },
  {
    "fileName": "manifest.json",
    "name": undefined,
    "source": "{
  \\"version\\": \\"1.0.0\\",
  \\"name\\": \\"Manifest Name\\",
  \\"manifest_version\\": 2,
  \\"web_accessible_resources\\": [
    \\"test/manifest/resources/additionalInputsHtml/html.html\\"
  ]
}",
    "type": "asset",
  },
  {
    "fileName": "test/manifest/resources/additionalInputsHtml/html.html",
    "name": undefined,
    "source": "<!DOCTYPE html>
<html lang=\\"en\\">
  <head>
    <meta charset=\\"UTF-8\\" />

    <script type=\\"module\\" src=\\"http://example.com/httpModuleScript.js\\"></script>
    <script type=\\"module\\" crossorigin src=\\"/assets/test/manifest/resources/additionalInputsHtml/html.js\\"></script>
    <link rel=\\"stylesheet\\" crossorigin href=\\"/assets/html.css\\">
  </head>
</html>
",
    "type": "asset",
  },
]
`;
