// Vitest Snapshot v1

exports[`additionalInputsScriptsNoImport - Manifest V3 1`] = `
[
  {
    "fileName": "test/manifest/resources/additionalInputsScriptsNoImport/script1.js",
    "name": undefined,
    "source": "console.log(\\"script1\\");
",
    "type": "asset",
  },
  {
    "fileName": "test/manifest/resources/additionalInputsScriptsNoImport/script2.js",
    "name": undefined,
    "source": "console.log(\\"script2\\");
",
    "type": "asset",
  },
  {
    "fileName": "manifest.json",
    "name": undefined,
    "source": "{
  \\"version\\": \\"1.0.0\\",
  \\"name\\": \\"Manifest Name\\",
  \\"manifest_version\\": 3,
  \\"web_accessible_resources\\": [
    {
      \\"resources\\": [
        \\"test/manifest/resources/additionalInputsScriptsNoImport/script1.js\\"
      ],
      \\"matches\\": [
        \\"<all_urls>\\"
      ],
      \\"use_dynamic_url\\": true
    },
    {
      \\"resources\\": [
        \\"test/manifest/resources/additionalInputsScriptsNoImport/script2.js\\"
      ],
      \\"matches\\": [
        \\"<all_urls>\\"
      ],
      \\"use_dynamic_url\\": true
    }
  ]
}",
    "type": "asset",
  },
]
`;
