// Vitest Snapshot v1

exports[`backgroundScript - Manifest V2 1`] = `
[
  {
    "code": "function log(message) {
  console.log(message);
}
log(\\"background\\");
",
    "dynamicImports": [],
    "exports": [],
    "facadeModuleId": "vite-plugin-web-extension/background.html",
    "fileName": "assets/background.js",
    "implicitlyLoadedBefore": [],
    "importedBindings": {},
    "imports": [],
    "isDynamicEntry": false,
    "isEntry": true,
    "isImplicitEntry": false,
    "map": null,
    "modules": {
      "vite-plugin-web-extension/background.html": {
        "code": null,
        "originalLength": 168,
        "removedExports": [],
        "renderedExports": [],
        "renderedLength": 0,
      },
      "vite-plugin-web-extension/test/manifest/resources/backgroundScript/background.js": {
        "code": "log(\\"background\\");",
        "originalLength": 55,
        "removedExports": [],
        "renderedExports": [],
        "renderedLength": 18,
      },
      "vite-plugin-web-extension/test/manifest/resources/shared/log.js": {
        "code": "function log(message) {
  console.log(message);
}",
        "originalLength": 65,
        "removedExports": [],
        "renderedExports": [
          "default",
        ],
        "renderedLength": 49,
      },
    },
    "name": "background",
    "referencedFiles": [],
    "type": "chunk",
    "viteMetadata": {
      "importedAssets": Set {},
      "importedCss": Set {},
    },
  },
  {
    "fileName": "background.html",
    "name": undefined,
    "source": "<!DOCTYPE html><html lang=\\"en\\"><head><meta charset=\\"UTF-8\\" />  <script type=\\"module\\" crossorigin src=\\"/assets/background.js\\"></script>
</head></html>",
    "type": "asset",
  },
  {
    "fileName": "manifest.json",
    "name": undefined,
    "source": "{
  \\"version\\": \\"1.0.0\\",
  \\"name\\": \\"Manifest Name\\",
  \\"manifest_version\\": 2,
  \\"background\\": {
    \\"persistent\\": false,
    \\"page\\": \\"background.html\\"
  }
}",
    "type": "asset",
  },
]
`;
