// Vitest Snapshot v1, https://vitest.dev/guide/snapshot.html

exports[`contentWithSameScriptName - Manifest V3 1`] = `
[
  {
    "fileName": "manifest.json",
    "name": undefined,
    "source": "{
  "version": "1.0.0",
  "name": "Manifest Name",
  "manifest_version": 3,
  "content_scripts": [
    {
      "js": [
        "test/manifest/resources/contentWithSameScriptName/content1/content.js"
      ],
      "matches": [
        "*://*/*",
        "https://*/*",
        "*://example.com/",
        "https://example.com/",
        "*://example.com/subpath/*",
        "https://example.com/subpath/*"
      ]
    },
    {
      "js": [
        "test/manifest/resources/contentWithSameScriptName/content2/content.js"
      ],
      "matches": [
        "*://*/*",
        "https://*/*",
        "*://example.com/",
        "https://example.com/",
        "*://example.com/subpath/*",
        "https://example.com/subpath/*"
      ]
    }
  ]
}",
    "type": "asset",
  },
  {
    "fileName": "test/manifest/resources/contentWithSameScriptName/content1/content.js",
    "name": undefined,
    "source": "console.log("content1");
",
    "type": "asset",
  },
  {
    "fileName": "test/manifest/resources/contentWithSameScriptName/content2/content.js",
    "name": undefined,
    "source": "console.log("content2");
",
    "type": "asset",
  },
]
`;
